// Jest Snapshot v1, https://goo.gl/fbAQLP

exports[`Layout renders children correctly 1`] = `
<div
  className="ui fluid container"
>
  <div
    className="ui black inverted segment"
  >
    <div
      className="ui grid"
    >
      <div
        className="row"
      >
        <div
          className="eight wide column"
        >
          <a
            className="image"
            href="/"
            onClick={[Function]}
          >
            <img
              alt="React"
              height="35"
              src="#"
              width="35"
            />
          </a>
          <i
            className="margin"
          />
          <span
            className="ui blue inverted header"
          >
            Your Company
          </span>
        </div>
        <div
          className="eight wide column right aligned text menu"
          role="navigation"
        >
          <div
            className="ui secondary inverted horizontal compact pointing menu"
          >
            <a
              className="active item"
              href="/about"
              onClick={[Function]}
            >
              About
            </a>
            <a
              className="item"
              href="/contact"
              onClick={[Function]}
            >
              Contact
            </a>
          </div>
          <div
            className="ui buttons"
          >
            <a
              href="/login"
              onClick={[Function]}
            >
              <div
                className="ui vertical inverted basic button"
              >
                Login
              </div>
            </a>
            <a
              href="/register"
              onClick={[Function]}
              style={
                Object {
                  "marginLeft": "4px",
                }
              }
            >
              <div
                className="ui vertical inverted green animated button"
              >
                <div
                  className="visible content"
                >
                  Sign up
                </div>
                <div
                  className="hidden content"
                >
                  For Free!
                </div>
              </div>
            </a>
          </div>
        </div>
      </div>
    </div>
    <h2
      className="ui center aligned blue inverted header"
    >
      React
    </h2>
    <h5
      className="ui center aligned white inverted header"
    >
      Complex web apps made easy
    </h5>
  </div>
  <div
    className="child"
  />
  <div
    className="ui segment center aligned"
  >
    <div
      className="ui green message"
    >
      <a
        href="https://gitter.im/kriasoft/react-starter-kit"
      >
        Ask a question
      </a>
    </div>
    <div
      className="ui orange message"
    >
      <a
        href="https://github.com/kriasoft/react-starter-kit/issues/new"
      >
        Report an issue
      </a>
    </div>
  </div>
  <div
    className="root"
  >
    <div
      className="container"
    >
      <span
        className="text"
      >
        © Your Company
      </span>
      <span
        className="spacer"
      >
        ·
      </span>
      <a
        className="link"
        href="/"
        onClick={[Function]}
      >
        Home
      </a>
      <span
        className="spacer"
      >
        ·
      </span>
      <a
        className="link"
        href="/admin"
        onClick={[Function]}
      >
        Admin
      </a>
      <span
        className="spacer"
      >
        ·
      </span>
      <a
        className="link"
        href="/privacy"
        onClick={[Function]}
      >
        Privacy
      </a>
      <span
        className="spacer"
      >
        ·
      </span>
      <a
        className="link"
        href="/not-found"
        onClick={[Function]}
      >
        Not Found
      </a>
    </div>
  </div>
</div>
`;
