// Jest Snapshot v1, https://goo.gl/fbAQLP

exports[`Layout renders children correctly 1`] = `
<div>
  <div>
    <nav
      className="navbar navbar-inverse navbar-fixed-top"
    >
      <div
        className="container-fluid"
      >
        <div
          className="navbar-header"
        >
          <a
            className="navbar-brand"
            href="/"
          >
            NDO
          </a>
          <button
            className="navbar-toggle"
            onClick={[Function]}
            type="button"
          >
            <span
              className="sr-only"
            >
              Toggle navigation
            </span>
            <span
              className="icon-bar"
            />
            <span
              className="icon-bar"
            />
            <span
              className="icon-bar"
            />
          </button>
        </div>
        <div
          aria-expanded={null}
          className="navbar-collapse collapse in"
        >
          <ul
            className="nav navbar-nav"
            role={null}
          >
            <li
              active={undefined}
              activeHref={undefined}
              activeKey={undefined}
              onSelect={[Function]}
            >
              <a
                href="/courses"
                onClick={[Function]}
              >
                Курсы
              </a>
            </li>
            <li
              active={undefined}
              activeHref={undefined}
              activeKey={undefined}
              onSelect={[Function]}
            >
              <a
                href="/users"
                onClick={[Function]}
              >
                Пользователи
              </a>
            </li>
            <li
              active={undefined}
              activeHref={undefined}
              activeKey={undefined}
              onSelect={[Function]}
            >
              <a
                href="/about"
                onClick={[Function]}
              >
                About
              </a>
            </li>
            <li
              active={undefined}
              activeHref={undefined}
              activeKey={undefined}
              onSelect={[Function]}
            >
              <a
                href="/contact"
                onClick={[Function]}
              >
                Contact
              </a>
            </li>
          </ul>
          <ul
            className="nav navbar-nav navbar-right"
            role={null}
          >
            <li
              active={undefined}
              activeHref={undefined}
              activeKey={undefined}
              onSelect={[Function]}
            >
              <a
                href="/login"
                onClick={[Function]}
              >
                Log in
              </a>
            </li>
            <li
              active={undefined}
              activeHref={undefined}
              activeKey={undefined}
              onSelect={[Function]}
            >
              <a
                href="/register"
                onClick={[Function]}
              >
                Sign up
              </a>
            </li>
          </ul>
        </div>
      </div>
    </nav>
  </div>
  <div
    className="container-fluid"
  >
    <div
      className="row"
    >
      <div
        className="col-sm-3 col-md-2 sidebar"
      >
        <ul
          className="nav nav-sidebar"
        >
          <li
            className="active"
          >
            <a>
              Overview 
              <span
                className="sr-only"
              >
                (current)
              </span>
            </a>
          </li>
          <li>
            <a>
              Reports
            </a>
          </li>
          <li>
            <a>
              Analytics
            </a>
          </li>
          <li>
            <a>
              Export
            </a>
          </li>
        </ul>
        <ul
          className="nav nav-sidebar"
        >
          <li>
            <a>
              Nav item again
            </a>
          </li>
          <li>
            <a>
              One more nav
            </a>
          </li>
          <li>
            <a>
              Another nav item
            </a>
          </li>
        </ul>
      </div>
      <div
        className="col-sm-9 col-sm-offset-3 col-md-10 col-md-offset-2 main"
      >
        <div
          className="child"
        />
        <footer>
          <p>
            © 2017, Yet Another Domic.
          </p>
        </footer>
      </div>
    </div>
  </div>
</div>
`;
